// Jest Snapshot v1, https://goo.gl/fbAQLP

exports[`Develop options tab should match snapshot 1`] = `
<div>
  <div
    class="settings-page__body"
  >
    <p
      class="mm-box mm-text settings-page__security-tab-sub-header__bold mm-text--body-md mm-box--color-text-default"
    >
      States
    </p>
    <p
      class="mm-box mm-text settings-page__security-tab-sub-header mm-text--body-md mm-box--padding-top-6 mm-box--color-text-alternative"
    >
      Current States
    </p>
    <div
      class="settings-page__content-padded"
    >

      <div
        class="mm-box settings-page__content-row mm-box--display-flex mm-box--gap-4 mm-box--flex-direction-row mm-box--justify-content-space-between"
      >
        <div
          class="settings-page__content-item"
        >
          <span>
            Perps Deposit
          </span>
          <div
            class="settings-page__content-description"
          >
            Triggers a Perps deposit confirmation.
          </div>
        </div>
        <div
          class="settings-page__content-item-col"
        >
          <button
            class="mm-box mm-text mm-button-base mm-button-base--size-md mm-button-primary mm-text--body-md-medium mm-box--padding-0 mm-box--padding-right-4 mm-box--padding-left-4 mm-box--display-inline-flex mm-box--justify-content-center mm-box--align-items-center mm-box--color-icon-inverse mm-box--background-color-icon-default mm-box--rounded-xl"
          >
            Trigger
          </button>
        </div>
        <div
          class="settings-page__content-item-col"
        >
          <div
            class="mm-box mm-box--padding-right-2 mm-box--padding-left-2 mm-box--display-flex mm-box--align-items-center"
            style="height: 40px; width: 40px;"
          >
            <span
              class="mm-box settings-page-developer-options__icon-check mm-icon mm-icon--size-lg mm-box--display-inline-block mm-box--color-success-default"
              hidden=""
              style="mask-image: url('./images/icons/check.svg');"
            />
          </div>
        </div>
      </div>
    </div>
  </div>
</div>
`;
