// Jest Snapshot v1, https://goo.gl/fbAQLP

exports[`Welcome Page render matches snapshot 1`] = `
<div>
  <div
    class="flex flex-col items-center justify-center welcome-container h-full w-full"
  >
    <div
      class=""
    />
    <div
      class="welcome-login"
      data-testid="get-started"
      style="opacity: 0; transform: translateY(8px); transition: opacity 0.35s ease-out, transform 0.35s ease-out;"
    >
      <p
        class="text-alternative text-s-body-md leading-s-body-md tracking-s-body-md md:text-l-body-md md:leading-l-body-md md:tracking-l-body-md font-regular font-default text-center welcome-login__description"
      >
        A self-custody smart contract wallet runtime for payments and asset apps.
      </p>
      <div
        class="flex flex-col gap-3 welcome-login__actions w-full"
      >
        <button
          class="inline-flex items-center justify-center rounded-xl px-4 font-medium min-w-20 overflow-hidden relative h-12 transition-all duration-100 ease-linear active:scale-[0.97] active:ease-[cubic-bezier(0.3,0.8,0.3,1)] bg-icon-default text-primary-inverse hover:bg-icon-default-hover active:bg-icon-default-pressed focus-visible:ring-0 focus-visible:outline focus-visible:outline-2 focus-visible:outline-offset-2 focus-visible:outline-primary-default welcome-login__button welcome-login__button--primary w-full"
          data-testid="onboarding-create-wallet"
          role="button"
        >
          <span
            class="text-inherit text-s-body-md leading-s-body-md tracking-s-body-md md:text-l-body-md md:leading-l-body-md md:tracking-l-body-md font-medium font-default"
          >
            Create a new wallet
          </span>
        </button>
        <button
          class="inline-flex items-center justify-center rounded-xl px-4 font-medium min-w-20 overflow-hidden relative h-12 transition-all duration-100 ease-linear active:scale-[0.97] active:ease-[cubic-bezier(0.3,0.8,0.3,1)] bg-muted text-default hover:bg-muted-hover active:bg-muted-pressed focus-visible:ring-0 focus-visible:outline focus-visible:outline-2 focus-visible:outline-offset-2 focus-visible:outline-primary-default welcome-login__button welcome-login__button--secondary w-full"
          data-testid="onboarding-import-wallet"
          role="button"
        >
          <span
            class="text-inherit text-s-body-md leading-s-body-md tracking-s-body-md md:text-l-body-md md:leading-l-body-md md:tracking-l-body-md font-medium font-default"
          >
            I have an existing wallet
          </span>
        </button>
      </div>
      <div
        class="flex flex-row gap-2 items-center welcome-login__footer"
      >
        <a
          class="inline-flex items-center justify-center font-medium min-w-20 overflow-hidden relative duration-100 ease-linear active:ease-[cubic-bezier(0.3,0.8,0.3,1)] h-auto rounded-none bg-transparent px-0 transform-none transition-none active:scale-100 text-primary-default hover:text-primary-default-hover hover:underline hover:decoration-primary-default-hover hover:decoration-2 hover:underline-offset-4 active:text-primary-default-pressed active:decoration-primary-default-pressed"
          href="https://www.1do.io/"
          rel="noopener noreferrer"
          target="_blank"
        >
          Terms of Use
        </a>
        <p
          aria-hidden="true"
          class="text-alternative text-s-body-xs leading-s-body-xs tracking-s-body-xs md:text-l-body-xs md:leading-l-body-xs md:tracking-l-body-xs font-regular font-default"
        >
          ·
        </p>
        <a
          class="inline-flex items-center justify-center font-medium min-w-20 overflow-hidden relative duration-100 ease-linear active:ease-[cubic-bezier(0.3,0.8,0.3,1)] h-auto rounded-none bg-transparent px-0 transform-none transition-none active:scale-100 text-primary-default hover:text-primary-default-hover hover:underline hover:decoration-primary-default-hover hover:decoration-2 hover:underline-offset-4 active:text-primary-default-pressed active:decoration-primary-default-pressed"
          href="https://www.1do.io/"
          rel="noopener noreferrer"
          target="_blank"
        >
          Privacy notice
        </a>
      </div>
    </div>
  </div>
</div>
`;
